Node label	Matching Sequences
MG571207	MG571207
	MG571221
PQ827210	PQ827210
	PQ827212
	PQ827215
MG571170	MG571170
	MG571178
	MZ386894
JX669206	JX669206
	JX669289
KY645797	KY645797
	KY645806
	KY645810
JX669242	JX669242
	PQ827269
	PQ827280
KY680809	KY680809
	KY680810
HG01892	HG01892
	PQ827207
	PQ827208
	PQ827236
	PQ827247
	PQ827249
	PQ827256
	PQ827264
PQ827237	PQ827237
	PQ827239
KY645691	KY645691
	KY645829
KY645701	KY645701
	KY645734
	KY645762
KY645698	KY645698
	KY645700
KY645788	KY645788
	KY645789
	KY645792
	KY645793
	KY645794
	KY645796
	KY645799
	KY645801
	KY645802
	KY645803
KY645811	KY645811
	KY645823
KY645726	KY645726
	KY645733
	KY645765
	KY645767
	KY645768
	KY645770
	KY645783
LQ28	LQ28
	LQ61
MG571109	MG571109
	MG571114
	MG571189
	MG571194
	MG571196
NA19675	NA19675
	NA19678
KY645624	KY645624
	KY645629
	KY645674
	KY645681
	KY645721
	KY645745
	MF152734
DQ282411	DQ282411
	DQ282413
	KP300790
	KP300792
	MG571121
	MT742584
	MZ387914
	PQ827218
KM102080	KM102080
	MZ387681
DQ282423	DQ282423
	MZ387810
HQ012084	HQ012084
	KM102019
	KM102126
KY645528	KY645528
	KY645606
	KY645611
MT742590	MT742590
	MT742591
EU095538	EU095538
	MZ387827
	MZ387832
	MZ387839
	MZ387867
HQ012078	HQ012078
	KM102035
I1743	I1743
	KU523274
JX669272	JX669272
	JX669295
KY680814	KY680814
	KY680815
KY645529	KY645529
	KY645915
KY645716	KY645716
	KY645738
	KY645748
	KY645752
I0971	I0971
	KU523264
PQ827205	PQ827205
	PQ827290
MG571124	MG571124
	MG571132
MW886118	MW886118
	MW886168
HG01565	HG01565
	MG571210
KY645833	KY645833
	KY645921
