Node label	Matching Sequences
KY680923	KY680923
	KY680924
KY680911	KY680911
	KY680912
	KY680913
	KY680914
I0972	I0972
	KU523285
KY680935	KY680935
	KY680936
	KY680937
KY680940	KY680940
	KY680941
PQ827238	PQ827238
	PQ827241
KY680927	KY680927
	KY680928
PQ827252	PQ827252
	PQ827254
PQ827286	PQ827286
	PQ827287
PQ827246	PQ827246
	PQ827278
KY680893	KY680893
	KY680894
	KY680895
HG00640	HG00640
	HG01079
	HG01088
	HG01161
	HG01164
	HG01191
	HG01198
	KY681016
	MG637122
	MZ386979
	MZ387789
MG637123	MG637123
	MH981832
MG637124	MG637124
	MH981827
MG571122	MG571122
	MG571133
KY680930	KY680930
	KY680931
MG571128	MG571128
	MG571131
KY680884	KY680884
	KY680885
KY645877	KY645877
	KY645943
MW886127	MW886127
	MW886208
PQ827242	PQ827242
	PQ827263
	PQ827267
JX669261	JX669261
	JX669323
HG01936	HG01936
	JX669208
PQ827232	PQ827232
	PQ827294
KY680900	KY680900
	KY680901
KY680918	KY680918
	KY680919
PQ827291	PQ827291
	PQ827302
PQ827289	PQ827289
	PQ827295
	PQ827298
