Node label	Matching Sequences
HQ012216	HQ012216
	KM102013
	MZ386917
MH981839	MH981839
	MH981843
MZ386891	MZ386891
	MZ386963
HQ012203	HQ012203
	MZ386990
KY645791	KY645791
	KY645813
	KY645819
	KY645821
HQ012188	HQ012188
	KM102011
	MZ386916
	MZ387727
KY645677	KY645677
	KY645705
MW886143	MW886143
	MW886149
	MW886158
	MW886202
KY645635	KY645635
	KY645641
	KY645643
	KY645644
	KY645645
KY645800	KY645800
	KY645815
	KY645816
	KY645820
	KY645822
	KY645826
KY645898	KY645898
	KY645939
KY645896	KY645896
	KY645897
	KY645899
	KY645901
	KY645935
KY645839	KY645839
	KY645849
MG571159	MG571159
	MG571162
KM102034	KM102034
	NA19773
KY645526	KY645526
	KY645604
KY645679	KY645679
	KY645720
	KY645723
	KY645744
	KY645749
	KY645760
DQ282469	DQ282469
	MZ387739
JX669294	JX669294
	JX669306
DQ282475	DQ282475
	DQ282476
	HG01070
	HG01101
	HG01396
	HG01402
	KM102107
	MZ387345
	MZ387723
LQ06	LQ06
	LQ23
	LQ62
JX669264	JX669264
	KY680970
MZ386889	MZ386889
	MZ387742
HQ012199	HQ012199
	HQ012204
	HQ012212
	KM102088
	KM102121
	MZ387680
KY645566	KY645566
	KY645578
	KY645582
KY680963	KY680963
	KY680964
KY680952	KY680952
	KY680953
	KY680954
	KY680955
	KY680956
	KY680957
	KY680958
	KY680959
	KY680960
	KY680961
	KY680962
NA19657	NA19657
	NA19786
JX669186	JX669186
	JX669188
DQ282447	DQ282447
	DQ282448
	DQ282450
	DQ282451
	DQ282452
	DQ282453
	DQ282454
	DQ282455
	DQ282456
	DQ282457
	DQ282458
	HG00737
	HG00743
	HG01048
	HG01058
	HG01067
	HG01069
	HG01072
	HG01102
	HG01190
	HG01204
	HG01312
	HG01392
	KM102069
	KM102153
	MZ387697
	MZ387745
	MZ387770
	MZ387784
	MZ387796
	MZ387804
I1753	I1753
	KU523339
KU523313	KU523313
	KU523315
	KU523318
I0975	I0975
	KU523320
	KU523324
	KU523325
KU523317	KU523317
	KU523319
I2230	I2230
	MW291671
KY680988	KY680988
	KY680989
MG571105	MG571105
	MG571184
MG571142	MG571142
	MG571146
KY645847	KY645847
	KY645848
	KY645863
	KY645865
	KY645866
	KY645937
MZ386745	MZ386745
	NA19658
KY680974	KY680974
	KY680975
HG01950	HG01950
	PQ827272
MW886107	MW886107
	MW886110
KY645857	KY645857
	KY645885
	KY680949
SAMEA3302627	SAMEA3302627
	SAMEA3302779
