Node label	Matching Sequences
MG571167	MG571167
	MG571186
PQ827323	PQ827323
	PQ827336
MW886161	MW886161
	MW886178
JN253413	JN253413
	JN253414
	JN253415
	JN253416
	MW886145
	MW886177
HGDP00832	HGDP00832
	HGDP00838
	HGDP00843
	HGDP00845
	HGDP00849
	SAMEA3302830
MG571169	MG571169
	MG571176
JX669164	JX669164
	JX669166
	JX669217
KY681006	KY681006
	PQ827330
I2250	I2250
	I2264
HGDP01006	HGDP01006
	HGDP01010
	HGDP01019
PQ827309	PQ827309
	PQ827311
	PQ827315
HG02285	HG02285
	KY681007
LQ01	LQ01
	LQ58
KY645682	KY645682
	MF152737
PQ827260	PQ827260
	PQ827265
MW886165	MW886165
	MW886211
JN253423	JN253423
	JN253425
MW886185	MW886185
	MW886190
JN253430	JN253430
	JN253431
	JN253432
	MW886215
KY645678	KY645678
	KY645743
	KY645754
	KY645756
HQ012250	HQ012250
	HQ012259
KY681001	KY681001
	KY681003
JN253395	JN253395
	JN253396
	JN253397
JN253429	JN253429
	MW886201
MZ387743	MZ387743
	NA19661
MZ387402	MZ387402
	NA19752
DQ282487	DQ282487
	HQ012260
	KM102149
HQ012246	HQ012246
	KM102024
	NA19797
PQ827213	PQ827213
	PQ827216
HQ012248	HQ012248
	MZ386949
	MZ386989
	MZ387736
PQ827271	PQ827271
	PQ827297
I0965	I0965
	KU523342
	KU523344
DQ282480	DQ282480
	DQ282485
	MZ387741
MW467810	MW467810
	MW467812
JN253391	JN253391
	MN894751
KM102029	KM102029
	KY645596
KY645933	KY645933
	KY645936
KY645913	KY645913
	KY645920
MW886140	MW886140
	MW886147
	MW886195
HG02288	HG02288
	JX669263
	KU523341
	KU523346
HQ012255	HQ012255
	MZ386895
KY681012	KY681012
	KY681014
DQ282478	DQ282478
	HQ012249
DQ282477	DQ282477
	DQ282481
KY645812	KY645812
	KY645814
	KY645817
HGDP00995	HGDP00995
	HGDP00999
	HGDP01001
	HGDP01014
	SAMEA3302662
	SAMEA3302790
	SAMEA3302902
KY645842	KY645842
	KY645871
I2549	I2549
	JX669266
	KY681009
MG571117	MG571117
	MG571123
	MG571135
	MG571143
	MG571148
MG571115	MG571115
	MG571137
	MG571139
	MG571141
	MG571145
	MG571147
JN253417	JN253417
	JN253418
