Node label	Matching Sequences
DQ341058	DQ341058
	KJ185749
	MF057177
	MF057420
	MZ387004
	MZ387165
HGDP00465	HGDP00465
	HGDP01092
	SAMEA3302816
MF057141	MF057141
	MF058203
	MF058205
	MF058207
	MF696115
	MK248465
KJ185946	KJ185946
	KJ185947
MH981603	MH981603
	MH981677
	MK248455
MF057014	MF057014
	MF057029
	MF057161
	MF058533
MF058066	MF058066
	MF058067
MF057820	MF057820
	MF057824
MF695974	MF695974
	MF696037
	MF696048
	MF696088
MF056128	MF056128
	MF057147
	MF057148
	MF057451
	MF058521
KC622056	KC622056
	KC622064
	KF672825
	KF672832
	KF672835
	KJ185477
	KJ185478
	KJ185479
	KJ185541
	KJ185556
	KJ185657
	KJ185658
	KJ185719
	KJ185721
	KJ185802
	LQ25
	MF055787
	MF055879
	MF055917
	MF055925
	MF055928
	MF055932
	MF055933
	MF055961
	MF055986
	MF056190
	MF056280
	MF056354
	MF056387
	MF056537
	MF056545
	MF056627
	MF056724
	MF056829
	MF056830
	MF056837
	MF056893
	MF057124
	MF057239
	MF057253
	MF057305
	MF057372
	MF057383
	MF057412
	MF057424
	MF057432
	MF057459
	MF057487
	MF057501
	MF057544
	MF057635
	MF057650
	MF057682
	MF057686
	MF057693
	MF057694
	MF057696
	MF057725
	MF057849
	MF057864
	MF057916
	MF057951
	MF057955
	MF058096
	MF058110
	MF058209
	MF058224
	MF058365
	MF058393
	MF058394
	MF058397
	MF058409
	MF058417
	MF058530
	MF058539
	MF058597
	MF695880
	MF695897
	MF695905
	MF695923
	MF695931
	MF695934
	MF695937
	MF695978
	MF695985
	MF696015
	MF696017
	MF696031
	MF696075
	MF696080
	MF696081
	MF696114
	MF696119
	MF696122
	MH981601
	MH981621
	MH981626
	MH981634
	MH981660
	MH981661
	MH981663
	MH981664
	MH981674
	MK248296
	MK248322
	MK248324
	MK248325
	MZ387782
	NA19312
	NA19904
KC622154	KC622154
	KJ185433
	KJ185881
	KJ185882
KJ185494	KJ185494
	KJ185495
	KJ185496
	KJ185498
	KJ185499
	KJ185500
	KJ185501
	KJ185503
	KJ185505
	KJ185506
	KJ185508
	KJ185755
	MF381302
	MF381338
	MF381377
	MF381453
	MF381455
	MF381458
	MF381459
	MF381461
	MF381465
	MF381466
	MF381468
	MF381474
	MF381484
	MF381490
	MF381493
JX303830	JX303830
	KJ185476
	KJ185480
	KJ185546
	KJ185717
	KJ185720
	MF055939
KC622065	KC622065
	KF672834
	MH981619
	MH981631
	MK248321
	MK248468
JX303763	JX303763
	JX303778
	JX303904
JX303835	JX303835
	KJ185544
MF055811	MF055811
	MF056435
	MF056465
KJ185751	KJ185751
	KJ185752
MF056219	MF056219
	MF057085
	MF057933
	MF695871
MF696091	MF696091
	MF696105
