Node label	Matching Sequences
MK248391	MK248391
	MK248395
KC345769	KC345769
	KC345770
	KC345776
	MF381392
	MF381393
	MF381405
	MF381411
	MF381412
	MF381487
	MF381519
KC346226	KC346226
	MK248426
	MK248427
	MK248441
	MK248445
	MK248446
	MK248453
KC346227	KC346227
	KC346228
	MK248417
KC345825	KC345825
	KC345831
	KC345832
	KC345855
	KC345864
KC346175	KC346175
	KC346176
KC345775	KC345775
	KC345782
	MF381401
	MF381406
	MF381500
	MF381502
	MF381503
	MF381504
	MF381511
	MF381530
	MF381581
KC345773	KC345773
	MF381397
	MF381399
KC345969	KC345969
	KC345971
	KC345973
	KC345976
	KC345978
	KC345979
	KC345980
	MK248392
	MK248444
KC346225	KC346225
	MK248412
	MK248413
	MK248415
	MK248416
	MK248418
