Node label	Matching Sequences
HG02053	HG02053
	MH981836
MZ386759	MZ386759
	MZ387819
LQ45	LQ45
	LQ48
KC622125	KC622125
	KJ185481
	KJ185565
KJ185518	KJ185518
	KJ185762
	LQ15
MF381297	MF381297
	MF381308
	MF381309
	MF381360
	MF381387
	MF381422
	MF381425
	MF381428
	MF381433
KJ185513	KJ185513
	KJ185514
	KJ185515
	MF381375
	MF381491
KJ185517	KJ185517
	MF381298
	MF381314
	MF381316
	MF381323
	MF381326
	MF381327
	MF381374
	MF381378
	MF381381
	MF381383
	MF381385
	MF381402
	MF381449
	MF381460
	MF381467
	MF381488
	MF381505
HG03380	HG03380
	HG03383
KJ185465	KJ185465
	MF058216
MF056313	MF056313
	MF057157
	MF057233
	MF057470
	MF057521
	MF057545
HGDP00473	HGDP00473
	HGDP00985
	HGDP01086
KJ185437	KJ185437
	KJ185674
