Node label	Matching Sequences
HGDP00472	HGDP00472
	HGDP00475
	HGDP00981
HGDP00470	HGDP00470
	HGDP01094
	SAMEA3302673
KJ185516	KJ185516
	MF381388
HG03133	HG03133
	MZ387230
KC622155	KC622155
	KC622191
	KC622194
	KJ185764
KJ185519	KJ185519
	KJ185524
JX303811	JX303811
	KC622173
KJ185818	KJ185818
	MF056364
	MF696093
KJ185570	KJ185570
	KJ185571
JX303793	JX303793
	JX303848
	JX303907
	JX303913
	KC622170
	KJ185450
	KJ185573
	KJ185581
	KJ185672
	KJ185890
	KJ185921
	KJ185996
	MF058414
	MF696047
	MF696056
	MF696092
JX303855	JX303855
	KJ185564
	KJ185651
JX303783	JX303783
	JX303828
	JX303912
	KJ185860
MF695944	MF695944
	MF695945
	MF695948
	MF695953
	MF695956
	MF695966
	MF695969
	MF695970
KC622271	KC622271
	KJ185467
	KJ185484
KJ185816	KJ185816
	KJ185817
KJ185436	KJ185436
	KJ185464
	KJ185580
	KJ185667
	KJ185723
	KJ185725
	KJ185874
	KJ185919
KJ185426	KJ185426
	KJ185438
	KJ185663
	KJ185668
	KJ185669
	KJ185671
	KJ185673
	KJ185676
	KJ185920
	KJ185980
JX303820	JX303820
	JX303900
	KJ185567
	KJ185568
	KJ185569
	KJ185576
	KJ185579
	KJ185891
	KJ185927
	KJ185928
	KJ185929
JX303851	JX303851
	KC622060
	KC622231
	KC622233
JX303790	JX303790
	JX303800
KJ185439	KJ185439
	KJ185578
	KJ185859
	KJ185889
	KJ185916
