Node label	Matching Sequences
HGDP00942	HGDP00942
	JQ045101
	MF058043
KJ185732	KJ185732
	KJ185733
MF055870	MF055870
	MF055874
	MF055889
KC622238	KC622238
	KC622244
OP681993	OP681993
	OP681997
DQ304972	DQ304972
	DQ304973
	MZ387146
	MZ387156
JQ045095	JQ045095
	SAMEA3302730
DQ304927	DQ304927
	MZ387069
MF056711	MF056711
	MF057508
	MF057967
MF057193	MF057193
	MF058085
	MF058088
KJ185455	KJ185455
	KJ185679
	KJ185824
	KJ185826
	KM101713
	MZ386995
JQ045017	JQ045017
	NA19117
DQ304976	DQ304976
	MZ387077
	MZ387163
MF056940	MF056940
	MF058384
	MF058449
KJ185688	KJ185688
	KJ185692
DQ304928	DQ304928
	MZ387046
MF056998	MF056998
	MF057515
	MF057711
JQ044983	JQ044983
	JQ045005
DQ304924	DQ304924
	DQ304932
	DQ304971
	HG02588
	HG02852
	HG02860
	JQ044879
	JQ044885
	JQ044992
	JQ045021
	JQ045048
	KC622070
	KJ185440
	KJ185896
	KM101658
	KR135876
	MF055785
	MF055789
	MF056160
	MF056172
	MF056221
	MF056224
	MF056277
	MF056285
	MF056287
	MF056514
	MF056548
	MF056554
	MF056556
	MF056558
	MF056622
	MF056707
	MF056750
	MF056914
	MF057013
	MF057048
	MF057055
	MF057072
	MF057151
	MF057184
	MF057246
	MF057252
	MF057266
	MF057338
	MF057356
	MF057473
	MF057598
	MF057762
	MF057947
	MF057948
	MF058183
	MF058509
	MF058515
	MF695882
	MZ386964
	MZ387196
	NA19351
	NA19452
	PV621796
MF055871	MF055871
	MF055876
	MF056055
JQ045020	JQ045020
	JQ045066
	JQ045074
DQ304925	DQ304925
	KJ185827
	KJ185982
KR135881	KR135881
	MF057605
	MF058223
LQ22	LQ22
	LQ29
HG01363	HG01363
	MN894730
	MN894750
HGDP00929	HGDP00929
	JQ045088
