Node label	Matching Sequences
HGDP00938	HGDP00938
	JQ045097
DQ304966	DQ304966
	MZ387718
STH_347	STH_347
	STH_441
JQ045087	JQ045087
	SAMEA3302835
JX303805	JX303805
	KJ185583
	KJ185596
DQ304935	DQ304935
	DQ304959
	DQ304962
	DQ304965
	HG02885
	HG03159
	HG03199
	HG03452
	HGDP00931
	JQ045090
	JX303832
	KC622076
	KC622105
	KC622118
	KC622220
	KJ185680
	KJ185683
	KJ185728
	KJ185895
	KJ185899
	KM101696
	MF056175
	MF056365
	MF057153
	MF057158
	MF057160
	MF695954
	MF695955
	MF695973
	MF695979
	MF696100
	MZ386997
	MZ387002
	MZ387042
	MZ387079
	PV621786
MF056132	MF056132
	MF056134
	MF056883
	MF058564
	MF058591
PV621498	PV621498
	PV621509
JQ045039	JQ045039
	MZ387116
NA19023	NA19023
	SAMEA3302873
DQ304954	DQ304954
	KM102090
DQ304937	DQ304937
	DQ304961
	MZ387054
	NA20126
DQ304967	DQ304967
	MZ387229
HG03135	HG03135
	MN894739
KJ185987	KJ185987
	KJ186002
OP682101	OP682101
	OP682109
DQ304960	DQ304960
	DQ304963
	DQ304964
	MZ387024
	MZ387095
	MZ387154
MF056632	MF056632
	MF056874
MF056334	MF056334
	MF058529
HG01890	HG01890
	HG02481
HG02429	HG02429
	HG02479
