Node label	Matching Sequences
MF381501	MF381501
	MF381514
MF381516	MF381516
	MF381517
HGDP01200	HGDP01200
	JQ045105
HGDP01201	HGDP01201
	JQ045106
JQ044887	JQ044887
	JQ044901
MZ387099	MZ387099
	MZ387210
HG03069	HG03069
	MZ387094
DQ304986	DQ304986
	MZ387030
DQ304988	DQ304988
	KM101705
	MZ387126
	MZ387180
	MZ387242
HG03455	HG03455
	MZ386728
	MZ387104
HG02643	HG02643
	HG03034
HG02505	HG02505
	HG02759
JQ044914	JQ044914
	JQ044921
JQ045104	JQ045104
	JQ045109
	SAMEA3302756
DQ304987	DQ304987
	MZ387012
KJ185603	KJ185603
	KJ185994
JX303792	JX303792
	JX303863
	KJ185539
	KJ185601
	KJ185604
	KJ185605
	KJ185983
KJ185526	KJ185526
	KJ185774
	KJ185775
	MF381350
	MF381522
	MF381523
MF058106	MF058106
	MF058112
MF696096	MF696096
	MF696106
HG02624	HG02624
	HG02642
