Node label	Matching Sequences
MF057856	MF057856
	MF057862
HG02330	HG02330
	JQ045034
HG02810	HG02810
	HG03582
KM102105	KM102105
	MZ387722
	MZ387749
MF695992	MF695992
	MF695994
HGDP00912	HGDP00912
	JQ045120
MF058383	MF058383
	MF696003
HG03095	HG03095
	HG03565
JQ045018	JQ045018
	JQ045023
MF695988	MF695988
	MF696007
	MF696010
MF057332	MF057332
	MF058081
MF055780	MF055780
	MF055957
	MF056587
	MF056669
	MF056768
	MF056810
	MF056818
	MF056843
	MF057119
	MF057848
HG02309	HG02309
	HG03370
MF057799	MF057799
	MF057801
KJ185470	KJ185470
	KJ185610
JQ045123	JQ045123
	SAMEA3302850
OP681824	OP681824
	OP682199
	OP682571
OP682421	OP682421
	OP682449
OP682501	OP682501
	OP682507
MF057393	MF057393
	MF057692
	MF057702
	MF057714
HG01205	HG01205
	HG03246
	JN655792
	MZ387795
JN655827	JN655827
	JQ045009
	STM1
DQ304996	DQ304996
	MZ387716
MF056436	MF056436
	MF057833
DQ304991	DQ304991
	DQ304992
	KJ185696
	MF056415
	MF056553
	MF056949
	MF058565
	MF695868
	MZ387021
NA19331	NA19331
	NA19334
MF056498	MF056498
	MF056518
	MF056524
	MF057631
	MF057633
	MF057651
	MF058238
	MF058257
MF057783	MF057783
	MF058030
MF056647	MF056647
	MF057369
	MF057509
	MF057786
	MF057788
MF056161	MF056161
	MF058093
HGDP01405	HGDP01405
	JX303890
	KJ185469
	MF055748
	MF055757
	MF055762
	MF055832
	MF055912
	MF055959
	MF055989
	MF056018
	MF056026
	MF056028
	MF056050
	MF056051
	MF056073
	MF056078
	MF056091
	MF056121
	MF056142
	MF056155
	MF056167
	MF056225
	MF056239
	MF056260
	MF056261
	MF056288
	MF056290
	MF056297
	MF056298
	MF056318
	MF056324
	MF056325
	MF056337
	MF056368
	MF056393
	MF056432
	MF056438
	MF056512
	MF056573
	MF056589
	MF056635
	MF056680
	MF056701
	MF056745
	MF056821
	MF056835
	MF056845
	MF056888
	MF056916
	MF057051
	MF057052
	MF057097
	MF057111
	MF057125
	MF057164
	MF057176
	MF057200
	MF057211
	MF057213
	MF057318
	MF057386
	MF057404
	MF057407
	MF057464
	MF057482
	MF057498
	MF057528
	MF057540
	MF057555
	MF057590
	MF057599
	MF057607
	MF057629
	MF057679
	MF057708
	MF057785
	MF057844
	MF057986
	MF058032
	MF058048
	MF058051
	MF058087
	MF058092
	MF058145
	MF058174
	MF058227
	MF058234
	MF058276
	MF058281
	MF058287
	MF058310
	MF058339
	MF058342
	MF058356
	MF058401
	MF058471
	MF058472
	MF058479
	MF058483
	MF058486
	MF058490
	MF058506
	MF058537
	MF058578
	MF696099
	MF696110
	MZ386694
	NA19017
	NA19026
	NA19307
	NA19310
	NA19321
	NA19346
	NA19347
	NA19380
	NA19397
	NA19428
	NA19451
	NA19456
	SAMEA3302854
KM101688	KM101688
	MF055818
	MF056214
	MF056238
	MF056430
	MF056503
	MF056862
	MF057098
	MF057106
	MF057107
	MF057165
	MF057434
	MF057740
	MF058259
	MF058260
	MF058350
	MF058352
	MF058581
	MF696111
	NA19355
	NA19429
MF057299	MF057299
	MF057300
KJ185776	KJ185776
	KJ185777
HG02107	HG02107
	HG02471
DQ341073	DQ341073
	MZ386769
MF056849	MF056849
	MF056850
PV621559	PV621559
	PV621560
MF057348	MF057348
	MF057803
