Node label	Matching Sequences
JQ044814	JQ044814
	JQ044891
	MZ387115
OP681797	OP681797
	OP681958
MF055830	MF055830
	MF056844
HGDP00904	HGDP00904
	JQ045112
HG03100	HG03100
	SAMEA3302628
HGDP00909	HGDP00909
	JQ045117
HG03518	HG03518
	JQ044852
	JQ044988
	MZ387482
KM101646	KM101646
	KM101717
JN655823	JN655823
	MF621077
PV621571	PV621571
	PV621572
MF056466	MF056466
	MF056618
DQ341072	DQ341072
	HG00739
	HG01761
	MZ386758
MF056409	MF056409
	MF058107
MF056384	MF056384
	MF058176
MF056814	MF056814
	MF056819
	MF057210
JN655800	JN655800
	KJ185409
	KJ185779
	KJ185993
	KM101722
	KP635241
	MF055804
	MF055805
	MF055807
	MF055971
	MF055974
	MF055978
	MF056177
	MF056404
	MF056470
	MF056516
	MF056526
	MF056529
	MF056534
	MF056539
	MF056591
	MF056709
	MF056828
	MF056966
	MF056967
	MF057179
	MF057600
	MF057617
	MF057644
	MF057655
	MF057659
	MF057834
	MF057853
	MF057935
	MF058061
	MF058187
	MF058318
	MF058366
	MF058367
	MF058399
	MF058400
	MF058549
	MF695890
	MF695968
	MF695972
	MF695984
	MF696001
	MF696008
	MF696009
	MF696028
	MF696070
	MF696079
	MZ387025
KC622185	KC622185
	KJ185490
MF055758	MF055758
	MF055882
	MF055892
	MF055911
	MF056483
	MF056936
	MF056955
	MF057109
	MF057209
	MF057293
	MF057308
	MF057333
	MF057334
	MF057591
	MF057671
	MF057787
	MF057882
	MF057922
	MF058090
	MF058137
	MF058341
	MF058424
	MZ387145
MF056276	MF056276
	MF057910
	MF057914
	MF057920
	MF057921
MF696013	MF696013
	MF696014
KC622229	KC622229
	KC622263
	KC622264
	MF055809
	MF056419
	MF056427
	MF056434
	MF056437
	MF058149
	MF058190
	MF695904
	MF695910
	MF695914
	MF695930
	MF696058
	MF696102
	MF696138
	MH981662
	MH981667
	MH981686
MF056486	MF056486
	NA19030
MF056987	MF056987
	MF057351
	MF057809
OP682077	OP682077
	OP682206
