Node label	Matching Sequences
MF381330	MF381330
	MF381333
	MF381336
	MF381337
	MF381340
	MF381470
	MF381471
	MF381475
	MF381476
	MF381478
KC622161	KC622161
	KC622175
	MF381548
KC622198	KC622198
	KC622199
	KC622200
KC622204	KC622204
	MF381310
	MF381416
	MF381417
HGDP01031	HGDP01031
	KC622080
	KC622087
	KC622088
	KC622092
	KC622097
	KC622099
	KC622124
	KC622136
	KC622137
	KC622140
	KC622141
	KC622147
	KC622149
	KC622153
	KC622177
	KC622182
	KC622188
	KC622189
	KC622193
	KC622195
	KC622201
	KC622206
	KC622207
	KC622211
	KC622213
	KC622214
	MF381322
	MF381324
	MF381341
	MF381342
	MF381343
	MF381344
	MF381364
	MF381444
	MF381445
	SAMEA3302727
	SAMEA3302869
KC622157	KC622157
	KC622181
KC622134	KC622134
	KC622190
KC622089	KC622089
	KC622096
JX303802	JX303802
	JX303803
	JX303834
	JX303836
	JX303839
	KJ185536
	KJ185612
KC622101	KC622101
	KC622126
	KC622219
	KC622241
	KC622247
	KC622253
	KC622262
	KJ185615
	KJ185697
	KJ185780
	KJ185903
	MF057507
	MF058123
KC622081	KC622081
	MF381346
