Node label	Matching Sequences
DQ282507	DQ282507
	HG01170
	HG01323
	KM102103
	KM102112
	MZ387719
HG01095	HG01095
	HG01326
MZ386678	MZ386678
	MZ386683
MF056511	MF056511
	MF056706
JX303878	JX303878
	KC622079
	KC622128
	KC622130
	KC622135
	KC622142
	KC622143
	KC622156
	KC622165
	KC622166
	KC622167
	KC622168
	KC622197
	KC622224
	KJ185537
	MF381289
	MF381304
	MF381311
	MF381315
	MF381321
	MF381325
	MF381328
	MF381329
	MF381332
	MF381334
	MF381339
	MF381356
	MF381415
	MF381435
	MF381436
	MF381440
	MF381451
	MF381536
	MF696016
	MF696046
	NA19371
MF381443	MF381443
	MF381452
KC622145	KC622145
	KC622205
	KJ185786
	MF381359
	MF381361
	MF381579
KJ185410	KJ185410
	KJ185706
	MF055890
	MF056963
	MF057228
	MF057443
	MF057863
	MF057929
	MF058243
	MF058582
	MF696133
	MF696137
JX303875	JX303875
	MF058161
MF695939	MF695939
	MF695941
JX303849	JX303849
	JX303886
	JX303889
	KJ185617
	KJ185622
	KJ185641
	KJ185644
	KJ185906
JX303808	JX303808
	JX303847
JX303850	JX303850
	JX303891
KJ185784	KJ185784
	KJ185789
	KJ185792
LQ13	LQ13
	LQ50
	LQ57
MF056748	MF056748
	MF056753
	MF056755
JN655807	JN655807
	KJ185405
	KJ185793
	KJ185854
	LQ10
	MF056126
	MF056272
	MF056538
	MF056979
	MF057088
	MF057105
	MF057132
	MF057204
	MF057205
	MF057206
	MF057854
	MF058079
	MF058385
	MF058590
	MG571168
	MH981620
MF055962	MF055962
	MF058413
MF058165	MF058165
	MF058167
OP682005	OP682005
	OP682513
	OP682665
MF056416	MF056416
	MF056506
	MF057182
	MF057460
	MZ386736
KC622113	KC622113
	KC622119
MF056832	MF056832
	MF056838
MF057636	MF057636
	MF057637
MF056286	MF056286
	MF058288
MF056777	MF056777
	MF058544
	MF696027
HGDP00937	HGDP00937
	JQ045096
JX303827	JX303827
	JX303854
	JX303893
MF056274	MF056274
	MF056278
	MF056386
	MF056394
	MF056453
	MF056597
	MF057400
	MF057425
	MF057877
	MF058071
	MF058206
MF056959	MF056959
	MF056960
	MF056965
	MF057831
JX303837	JX303837
	JX303872
	JX303881
	JX303887
	JX303908
	KJ185472
	KJ185538
	KJ185620
	KJ185628
	KJ185629
	KJ185633
	KJ185639
	KJ185642
	KJ185643
	KJ185645
	KJ185698
	KJ185703
	KJ185708
	KJ185711
	KJ185739
	KJ185743
	KJ185841
	KJ185880
	KJ185907
	KJ185908
	KJ185909
	KJ185912
	KJ185914
	KJ185957
	MF055846
	MF381348
	MF381354
	MZ387151
	NA19818
	STH_344
MF055821	MF055821
	MF055900
	MF056008
	MF056021
	MF056047
	MF056187
	MF056321
	MF056702
	MF056925
	MF056927
	MF056969
	MF056994
	MF057320
	MF057380
	MF057413
	MF057446
	MF057563
	MF057712
	MF057713
	MF057719
	MF057723
	MF057728
	MF057729
	MF057754
	MF057793
	MF057874
	MF057885
	MF057911
	MF057973
	MF057979
	MF058115
	MF058309
	MF058505
OP682496	OP682496
	OP682506
	OP682516
JX303781	JX303781
	KJ185446
	KJ185475
	KJ185492
	KJ185623
	KJ185701
	KJ185839
	KJ185840
	KJ185842
	KJ185850
	KJ186000
	MF056441
	MF695933
	MF696035
	STH_281
I8085	I8085
	JX303884
	KJ185747
JX303776	JX303776
	KC622061
	KJ185473
NA19391	NA19391
	NA19399
KM101579	KM101579
	MZ387080
KJ185958	KJ185958
	KJ185959
	KJ185960
	KJ185961
JX303885	JX303885
	KC622227
	KC622232
	KC622234
	KC622235
	KC622237
	KC622239
	KC622240
	KC622268
	KJ185905
	KJ185925
	KJ185976
HGDP00930	HGDP00930
	JQ045089
MF057093	MF057093
	MF057959
