Node label	Matching Sequences
KC622098	KC622098
	KJ186007
MF695982	MF695982
	MF696087
KC622202	KC622202
	MF381409
	MF381438
	MF381442
	MN894761
MF056542	MF056542
	MF057522
JX303822	JX303822
	KJ185616
	KJ185943
MH981612	MH981612
	MH981627
	MH981635
JX303789	JX303789
	KJ185861
	MF058168
	MF058170
	MF058421
	PV621469
	PV621470
KJ185787	KJ185787
	KJ185794
NA20344	NA20344
	NA20346
	NA20348
DQ305023	DQ305023
	MZ387200
NA19238	NA19238
	NA19240
I15336	I15336
	I15337
DQ305007	DQ305007
	MZ387132
KM102095	KM102095
	MZ387766
KJ185624	KJ185624
	NA19309
CHS19	CHS19
	DQ304998
	DQ305001
	DQ305004
	DQ305005
	DQ341071
	HG03339
	HG03419
	JQ044832
	JQ044840
	JQ044906
	JX303844
	KC622216
	KC622217
	KC622260
	KJ185631
	KJ185847
	KJ185988
	MZ387040
	MZ387106
	MZ387357
	NA19235
KJ185445	KJ185445
	KJ185635
	KJ185781
	KJ185864
	KJ186006
	MZ387751
DQ305006	DQ305006
	MZ387207
DQ305018	DQ305018
	DQ305019
	DQ305020
	MZ387148
	MZ387241
	NA18488
KJ185843	KJ185843
	KJ185844
	KJ185856
MF057829	MF057829
	MF058498
HGDP00933	HGDP00933
	JQ045092
KC622172	KC622172
	KJ185416
	KJ185527
	KJ185851
	LQ32
	LQ36
MF056150	MF056150
	MF056681
	MF056700
	MF056728
	MF056741
	MF056991
	MF057218
	MF057247
	MF057517
	MF057535
	MF057559
	MF058373
	MF058392
DQ305028	DQ305028
	MZ387029
I15330	I15330
	I15331
	I15332
	I15340
DQ305031	DQ305031
	HGDP01282
	MZ386752
	NA19214
DQ305024	DQ305024
	MZ387247
DQ305030	DQ305030
	MN894716
DQ305027	DQ305027
	MZ387045
DQ305029	DQ305029
	HG01912
	KM101647
	KY409779
	MZ387111
	NA19092
	PV621618
DQ305025	DQ305025
	MZ386712
	MZ387199
DQ305026	DQ305026
	MZ387139
CHS36	CHS36
	CHS37
