Node label	Matching Sequences
MF055765	MF055765
	MF057329
	MF058117
	MF058432
	MF058433
	MF058434
	MF058531
	MF058545
	MF058547
KM101665	KM101665
	MZ387128
MF055847	MF055847
	MF057683
MF056351	MF056351
	MF057328
MF055781	MF055781
	MF055812
	MF055929
	MF056118
	MF056624
	MF056993
	MF057291
	MF057294
	MF058013
	MF058038
	MF058039
	MF058070
	MF058293
	MF058458
	MF058587
HG02943	HG02943
	SAMEA3302881
DQ305011	DQ305011
	DQ305015
	DQ305016
	KC622132
	KJ185619
	KJ185636
	KJ185785
	KJ185788
	KM101677
	MF058438
	MZ387113
	MZ387232
	NA19200
	NA19711
KJ185699	KJ185699
	KJ185709
HGDP00944	HGDP00944
	JQ045103
DQ305017	DQ305017
	MZ387036
MF055980	MF055980
	MF056421
	MF056422
	MF056431
	MF056446
	MF056638
	MF057020
	MF057099
	MF057736
	MF058173
	MF058550
DQ305012	DQ305012
	KJ185640
	KJ185911
	MF055803
	MF055864
	MF056341
	MF056461
	MF056842
	MF056896
	MF057031
	MF057159
	MF057168
	MF057181
	MF057187
	MF057326
	MF057367
	MF057385
	MF057481
	MF057620
	MF057715
	MF057724
	MF057726
	MF057769
	MF057822
	MF057838
	MF057842
	MF058074
	MF058200
	MF058313
	MF695886
	MF695921
	MF695924
	MF695925
	MF695927
	MF695936
	MF695943
	MF695946
	MF695980
	MF695998
	MF696022
	MF696036
	MF696038
	MF696095
	MF696108
	MF696117
	MF696121
MF695863	MF695863
	MF695975
MF056204	MF056204
	MF056296
	MF056299
	MF056643
	MF057073
MF055791	MF055791
	MF055886
	MF056402
	MF056615
	MF056633
	MF057373
	MF057813
	MF058169
	MF058222
	MF058557
MF055747	MF055747
	MF055750
	MF055753
	MF058528
KJ185846	KJ185846
	OP681945
MF057399	MF057399
	MF057403
HG03369	HG03369
	HG03372
