Node label	Matching Sequences
MF056624	MF056624
	MF058458
MF055747	MF055747
	MF055750
	MF055753
	MF058528
MF056351	MF056351
	MF057328
MF055781	MF055781
	MF055812
	MF055929
	MF056118
	MF056993
	MF057291
	MF057294
	MF058013
	MF058038
	MF058039
	MF058070
	MF058293
	MF058587
HG02943	HG02943
	SAMEA3302881
DQ305011	DQ305011
	DQ305015
	DQ305016
	KC622132
	KJ185619
	KJ185636
	KJ185785
	KJ185788
	KM101677
	MF058438
	MZ387113
	MZ387232
	NA19200
	NA19711
KJ185699	KJ185699
	KJ185709
HGDP00944	HGDP00944
	JQ045103
DQ305017	DQ305017
	MZ387036
MF056204	MF056204
	MF056296
	MF056299
	MF056643
	MF057073
MF055791	MF055791
	MF055886
	MF056402
	MF056615
	MF056633
	MF057373
	MF057813
	MF058169
	MF058222
	MF058557
MF057399	MF057399
	MF057403
HG03369	HG03369
	HG03372
