Node label	Matching Sequences
MF056825	MF056825
	MF057027
	MF057250
	MF057857
	MF057859
JQ044894	JQ044894
	PV621527
OP681823	OP681823
	OP682493
KF011503	KF011503
	KJ959229
	KJ959230
	OP682442
	PV621835
DQ305036	DQ305036
	HG02923
	I15334
	KC622073
	KC622242
	KC622269
	KJ185799
	KM101587
	KM101700
	MZ386737
	NA19901
HGDP00926	HGDP00926
	JQ045085
DQ305032	DQ305032
	MZ387120
DQ305035	DQ305035
	MZ387206
DQ305034	DQ305034
	MZ387073
JX303888	JX303888
	MF696134
	MF696135
	MF696136
JX303774	JX303774
	JX303804
	JX303842
	KJ185411
	KM101679
	MF058411
HGDP00925	HGDP00925
	JQ045084
KC622082	KC622082
	KC622085
	KC622123
	KJ185532
	MF056878
	MF057042
KC622086	KC622086
	KJ185795
KC622158	KC622158
	KC622160
MF381288	MF381288
	MF381418
	MF381439
	MF381441
	MF381448
	MF381457
	MF381463
MF381391	MF381391
	MF381395
	MF381512
MF381403	MF381403
	MF381404
	MF381473
	MF381489
	MF381515
	MF381520
	MF381527
	MF381528
MF055891	MF055891
	MF057961
KC622094	KC622094
	KC622139
	KC622210
	MF381345
HGDP00934	HGDP00934
	JQ045093
KM101638	KM101638
	KM102147
HG03303	HG03303
	MZ387371
KC622083	KC622083
	KC622103
	KC622138
	KC622208
	KJ185533
	KJ185534
	KJ185797
	KJ185798
	MF057040
	MF381294
	MF381295
	MF381306
	MF381307
	MF381312
	MF381358
	MF381362
	MF381363
	MF381365
	MF381367
	MF381371
	MF381384
	MF381420
	MF381421
	MF381423
	MF381424
	MF381426
	MF381427
	MF381430
	MF381431
	MF381432
	MF381434
	MF381462
	MF381479
	MF381485
	MF381525
MF056712	MF056712
	MF057623
KJ185647	KJ185647
	KM101692
	LQ20
	MH981646
	MN894798
KC622120	KC622120
	MF381331
	MF381366
	MF381368
KJ185800	KJ185800
	KJ185801
